[1;33m=== AUTO-RAW MODE (compiler flags detected) ===[0m
[0;34mTIP: Use 'ec.sh test ...' instead of passing -finalize directly[0m
[1;33m=== RAW MODE (passthrough) ===[0m
[0;34mRunning:[0m ec.exe -batch -config simple_onnx.ecf -target simple_onnx_tests -c_compile
Cannot create project directory in: D:\prod\simple_onnx
You may try again after fixing the permissions.
